// Jest Snapshot v1, https://goo.gl/fbAQLP

// Fixed order of postcode and country

exports[`address label printer running the application prints out a list of labels 1`] = `
"+--------
Sam Smith
My flat name
My Apartment building
My complex
My Street
My Town
My Region
MY1 2HR
UK
+--------
Alex Johnson
My place
My Town
My Region
MY2 3PL
UK"
`;
